### join



- join

```sql
select employee_id, first_name, department_id from employees;


select department_id, department_name from departments;


select employee_id, first_name, employees.department_id, department_name 
from employees, departments 
where employees.department_id = departments.department_id;
```

- Inner join

  - 오라클 join

  ```sql
  
  /* Inner Join */
  -- 부서코드가 있는 사람만 나온다 (department_name 이 없어서 안나오는 값이 있다)
  select employee_id, first_name, e.department_id, department_name 
  from employees e, departments d 
  where e.department_id = d.department_id;
  
  EMPLOYEE_ID FIRST_NAME                               DEPARTMENT_ID DEPARTMENT_NAME
  ----------- ---------------------------------------- ------------- ------------------------------------------------------------
          200 Jennifer                                            10 Administration
          201 Michael                                             20 Marketing
          ...
          206 William                                            110 Accounting
  
  106 rows selected.
  ```

  - ansi join

  ```sql
  select employee_id, first_name, e.department_id, department_name 
  from employees e inner join departments d 
  on e.department_id = d.department_id;
  
  EMPLOYEE_ID FIRST_NAME                               DEPARTMENT_ID DEPARTMENT_NAME
  ----------- ---------------------------------------- ------------- ------------------------------------------------------------
          200 Jennifer                                            10 Administration
          201 Michael                                             20 Marketing
          ...
          206 William                                            110 Accounting
  
  106 rows selected.
  ```

  

  

- Outer Join

  - 오라클 조인

  ```sql
  /* Outer Join */
  -- null 존재해도 모든 제한에 대한 값이 나온다, (+)는 데이터가 부족한 쪽에 붙인다
  select employee_id, first_name, e.department_id, department_name 
  from employees e, departments d 
  where e.department_id = d.department_id;(+)
  
  EMPLOYEE_ID FIRST_NAME                               DEPARTMENT_ID DEPARTMENT_NAME
  ----------- ---------------------------------------- ------------- ------------------------------------------------------------
          200 Jennifer                                            10 Administration
          202 Pat                                                 20 Marketing
          ...
          178 Kimberely
  
  107 rows selected.
  ```

  - ansi join

  ```sql
  select employee_id, first_name, e.department_id, department_name 
  from employees e right outer join departments d 
  on e.department_id = d.department_id;
  
  EMPLOYEE_ID FIRST_NAME                               DEPARTMENT_ID DEPARTMENT_NAME
  ----------- ---------------------------------------- ------------- ------------------------------------------------------------
          200 Jennifer                                            10 Administration
          201 Michael                                             20 Marketing
          ...
                                                                     Payroll
  
  122 rows selected.
  ```

  

- 예시 London 도시 근무하는 사원명, 부서명, 도시명 조회 

  ( 사원명 = employees, 부서명 = departments, 도시명 = locations 테이블에 각각 있다 )

  (부서명과 도시명에 같은게 location_id, 사원과 부서에 같은게 department_id)

  ```sql
  select e.first_name, e.department_id, l.location_id from employees e, departments d, locations l where e.department_id = d.department_id and d.location_id = l.location_id and upper(city) = 'LONDON';
  
  FIRST_NAME                               DEPARTMENT_ID LOCATION_ID
  ---------------------------------------- ------------- -----------
  Ellen                                               80        2500
  Sundar                                              80        2500
  ...
  Eleni                                               80        2500
  
  106 rows selected.
  ```

- self join
  - 상사를 구하라

    ```sql
     select me.employee_id, me.first_name, me.manager_id, man.employee_id, man.first_name from employees me, employees man where me.manager_id = man.employee_id;
    
    EMPLOYEE_ID FIRST_NAME                               MANAGER_ID EMPLOYEE_ID FIRST_NAME
    ----------- ---------------------------------------- ---------- ----------- ----------------------------------------
            173 Sundita                                         148         148 Gerald
            172 Elizabeth                                       148         148 Gerald
            ...
            174 Ellen                                           149         149 Eleni
    
    106 rows selected.
    ```

    

  - 내 상사보다 급여를 많이 받는 사원의 이름 급여 조회

    ```sql
    select me.manager_id, me.first_name, me.salary , man.employee_id,man.first_name, man.salary from employees me, employees man where me.manager_id = man.employee_id and me.salary> man.salary;
    
    MANAGER_ID FIRST_NAME                                   SALARY EMPLOYEE_ID FIRST_NAME
            SALARY
    ---------- ---------------------------------------- ---------- ----------- ---------------------------------------- ----------
           148 Lisa                                          11500         148 Gerald
             11000
           149 Ellen                                         11000         149 Eleni
             10500
    ```



- union 

  같은 구조를 가지고 있는 2개의 테이블이 있을 때 사용

  ```sql
  /* 50번 부서이면서 급여가 5000미만인 사람 */
  -- 기존처럼 그냥 and 사용
  select first_name, department_id, salary from employees where department_id = 50 and salary<5000;
  
  FIRST_NAME                               DEPARTMENT_ID     SALARY
  ---------------------------------------- ------------- ----------
  Julia                                               50       3200
  Irene                                               50       2700
  ...
  Douglas                                             50       2600
  
  
  -- union 사용
  40 rows selected.
  
  _____________________________________________________________________________________________
  SQL> select first_name, department_id,salary from employees where salary<5000;
  
  FIRST_NAME                               DEPARTMENT_ID     SALARY
  ---------------------------------------- ------------- ----------
  David                                               60       4800
  Valli                                               60       4800
  ...
  Jennifer                                            10       4400
  
  49 rows selected.
  
  ____________________________________________________________________________________________
  SQL> select first_name, department_id, salary from employees where department_id = 50;
  
  FIRST_NAME                               DEPARTMENT_ID     SALARY
  ---------------------------------------- ------------- ----------
  Matthew                                             50       8000
  Adam                                                50       8200
  ...
  Douglas                                             50       2600
  
  45 rows selected.
  ____________________________________________________________________________________________
  
  이제 이 둘을 합친다
  
  SQL> select first_name, department_id, salary from employees where department_id = 50 union select first_name, department_id,salary from employees where department_id = 50 or salary<5000;
  
  FIRST_NAME                               DEPARTMENT_ID     SALARY
  ---------------------------------------- ------------- ----------
  Adam                                                50       8200
  Alana                                               50       3100
  ...
  Winston                                             50       3200
  
  54 rows selected.
  
  ____________________________________________________________________________________________
  
  주로, 다른 테이블을 둘이 합칠 때 이용된다. 지금처럼 같운 테이블을 2개 합치는 것은 별루다
  
  ```

  - union all

    ```sql
    select first_name, department_id, salary from employees where department_id = 50
      2  union all select first_name, department_id, salary from employees where salary<5000;
    
    FIRST_NAME                               DEPARTMENT_ID     SALARY
    ---------------------------------------- ------------- ----------
    Matthew                                             50       8000
    Adam                                                50       8200
    ...
    Jennifer                                            10       4400
    
    94 rows selected.
    
    
    --- 50이면서 5000 이하인 사람이 2번씩 중복되어 조회된다.
    ```

    

  - minus ( 차집합 )

    ```sql
    select first_name, department_id,salary from employees where department_id = 50 
    minus
    select first_name, department_id,salary from employees where salary <= 5000;
    
    FIRST_NAME                               DEPARTMENT_ID     SALARY
    ---------------------------------------- ------------- ----------
    Adam                                                50       8200
    Kevin                                               50       5800
    Matthew                                             50       8000
    Payam                                               50       7900
    Shanta                                              50       6500
    
    
    -- (조건 1) minus (조건 2) : 조건 1을 만족하지만 조건 2는 만족하지 못하는 사람을 조회
    ```
  
- intersect ( 교집합 )
  
    ```sql
    select first_name, department_id,salary from employees where department_id = 50 
    intersect
    select first_name, department_id,salary from employees where salary <= 5000;
    
    
    FIRST_NAME                               DEPARTMENT_ID     SALARY
    ---------------------------------------- ------------- ----------
    David                                               60       4800
    Valli                                               60       4800
    ...
    Jennifer                                            10       4400
    
    49 rows selected.
    
    
    -- (조건 1) intersect (조건2) : 조건 1과 조건 2를 모두 만족하는 사람을 조회
    ```
  
    





- DDL : 테이블 정의 / 변경 / 삭제	

  - 테이블 생성

    ```sql
    create table 테이블이름( 
    	컬럼명1 타입(길이) 제약조건, 
        컬럼명2 타입(길이) 제약조건, 
        컬럼명3 타입(길이) 제약조건, 
        ...
        컬럼명n 타입(길이) 제약조건
    );
    ```

  - 테이블 변경

    ```sql
    alter table 테이블이름(
    	ADD 컬럼명m 타입(길이) 제약조건 -- 추가
    )
    
    alter table 테이블이름
    	modify 컬럼명l 타입(길이) 제약조건 -- 타입이나 길이, 제약조건 등을 수정
    
    
    alter table 테이블이름
    	drop column 컬럼명k
    
    ```

    

  - 테이블 삭제

    ```sql
    drop table 테이블이름;
    -- 복구 불가능
    ```

    

- DML : 데이터 저장 / 수정 / 삭제

- TCL : 트랜잭션 처리



#### 계정 생성

- system 계정으로 연결
  
- con system/system;
  
- 현재 계정 확인

  - ```sql
    show user;
    ```

- 계정 생성

  - create user 계정 identified by 암호

    ```sql
    SQL> create user jdbc identified by jdbc;
    ```

  - DCL(Data Control Language)

    - DB에 접근과 접속 허락

      ```sql
      SQL> grant resource, connect to jdbc;
      ```

      - resouce는 객체(생성, 수정, 삭제), 데이터(입력, 수정, 조회, 삭제) 권한

    - DB 허락된 접근 해제

      ```sql
      SQL> revoke resource, connect to jdbc;
      ```

      

- 새로 만든 계정에 연결

  ```sql
  SQL> conn jdbc/jdbc
  ```



#### 테이블 생성

- 제한
  - 테이블은 길이 30정도(?) 제한이 있다
  - 숫자로 시작 불가능
  - 오라클 키워드 불가능
  - `_` 가능



- emp 테이블에 생성

  - 테이블 컬럼

    - id 정수 5자리 - 사번
    - name 문자열 20자리 - 이름
    - title -문자열 20자리
    - dept_id - 정수 5자리
    - salary 실수 정수 10자리, 소수점 2자리

    

  - 테이블 생성

    ```sql
    create table emp(
      	id number(5),
      	name varchar2(20),
      	title varchar2(20),
      	dept_id number(5),
      	salary number(10,2)
    );
    ```

  

- 테이블 수정

  - 테이블에 컬럼 추가

    ```sql
    alter table emp(
    	add indate date;
    );
    ```

    

  - 테이블 title 길이 변경

    ```sql
    alter table emp modify title varchar2(10);
    ```

  - 테이블에 있는 컬럼 삭제

    ```sql
    alter table emp drop column indate;
    
    Table altered.
    ```

  

- emp 테이블 삭제

  ```sql
  drop table emp;
  ```



#### 데이터 관리

#### dml ( insert, update, delete)

> 데이터 저장, 추가 삭제
>
> Commit, Rollback 해야 한다(ddl은 자동)

- Insert
  - 데이터 추가

    ```sql
    insert into emp values(100, '이사원', '사원', 10, 99000.5);
    
    1 row created.
    
    -----------------------------------------------------------------------------------------
    
    insert into emp(id,name) values(300, '박과장'); -- 포함되지 않은 column 값들은 null이 들어간다
    insert into emp values(200, '김대리', null, null, null); -- 위랑 비슷한 구문이다
    insert into emp values(400, '최부장', '부장', 20, 91000);
    insert into emp values(500, '박대리', '대리', 20, 91000);
    ```

  

  - 생성된 데이터 확인

    ```sql
    select * from emp;
    
            ID NAME                                     TITLE                                       DEPT_ID     SALARY
    ---------- ---------------------------------------- ---------------------------------------- ---------- ----------
           100 이사원                                   사원                                             10    99000.5
           500 박대리                                   대리                                             20      91000
           300 박과장
           200 김대리
           400 최부장                                   부장                                             20      91000
    ```

  - insert 수행을 해야 db가 영구 저장, commit; rollback

  - insert 수행 후 --> (메모리 임시 저장 - 다른 세션들이 결과를 못본다) --> commit ---> db에 반영

    

  - insert 수행 후 ---> (메모리 임시 저장 - 다른 세션들이 결과를 못본다) --> rollback --> 메모리 삭제 --

  

1. commit 실행

   < 세션 1 >

   ```sql
   SQL> commit;
   
   Commit complete.
   ```

2. 다른 세션 켜서 저장 된 것 확인

   < 세션 2 >

   ```sql
   select * from emp;
   
           ID NAME                                     TITLE                                       DEPT_ID     SALARY
   ---------- ---------------------------------------- ---------------------------------------- ---------- ----------
          100 이사원                                   사원                                             10    99000.5
          500 박대리                                   대리                                             20      91000
          300 박과장
          200 김대리
          400 최부장                                   부장                                             20      91000
   
   ```

3. 세션 1에서 컬럼 insert

   < 세션 1 >

   ```sql
   insert into emp values (600, '최사장', '임원', null, 100000);
   ```

4. 세션 2에서 확인

   < 세션 2 >

   ```sql
   select * from emp;
   
           ID NAME                                     TITLE                                       DEPT_ID     SALARY
   ---------- ---------------------------------------- ---------------------------------------- ---------- ----------
          100 이사원                                   사원                                             10    99000.5
          500 박대리                                   대리                                             20      91000
          300 박과장
          200 김대리
          400 최부장                                   부장                                             20      91000
   -- 새로 insert 한 값이 저장 안되었다.
   ```

5. 세션 1에서 commit(저장) 혹은 rollback(임시 메모리 삭제) 실행

   < 세션 1 >

   ```sql
   rollback;
   ```

6. Synchronize Lock

   -  id가 200인 사람을 찾아서 title을 대리로 바꿔라

     < 세션 1 >

     ```sql
     update emp set title='대리' where id =200;
     
     1 row updated.
     ```

   - '김대리'를 '과장'으로 바꿔라(같은 데이터인 것을 또 수정 )

     < 세션 2 >

     ```sql
     update emp set title='과장' where name = '김대리';
     
     (아무 말 안뜬다)
     ```

     Lock이 진행되었다

     - 세션1을 Insert나 rollback을 해줘야 세션 2가 실행 된다.





- update

  ```sql
  update 테이블명 set 변경을 원하는 컬럼명= 변경값 where 변경보건식;
  
  -- 테이블의 모든 행을 변경한다면
  update 테이블명 set 변경컬럼명 = 변경값;
  ```

  - emp 테이블에서 급여를 못 받는 사원 (salary 데이터가 없는 사람)을 조회하여 4000으로 수정

    ```sql
    update emp set salary = 4000 where salary is null; -- null과 비교를 할 때에는 `is`를 사용
    
    -- 완료했으면
    commit;
    
    ```

  - 이름이 박대리 사원의 부서를 이사원의 부서로 이동

    ```sql
    update emp set dept_id = (select dept_id from emp where name='이사원' and rownum=1) where name='최부장';
    
    1 row updated.
    
    select * from emp;
    
            ID NAME
    ---------- ----------------------------------------
    TITLE                                       DEPT_ID     SALARY
    ---------------------------------------- ---------- ----------
           100 이사원
    사원                                             10    99000.5
    
           500 박대리
    대리                                             20      91000
    
           300 박과장
                                                              4000
    
    commit;
    ```

    

- delete

  ```sql
  delete 테이블명 where 삭제조건식; -- 조건 맞는 데이터행만 삭제
  
  -- 테이블 모든 데이터 삭제
  deltete 테이블명; -- 테이블의 모드느 데이터행 삭제, 테이블 구조는 남는다.(drop table은 테이블마저 삭제), rollback을 하면 delete는 삭제한 것을 복구할 수 있다
  
  ```

  - id 가 100인 것을 삭제

    ```sql
    delete emp where id = 100;
    ```

- emp 테이블에 employees 테이블을 삽입

  ```sql
  insert into emp select * from employees;
  ```

  - 삽입 전에 emp에 들어있는 컬럼개수, 컬럼타입 잘 확인하고 실행할 것

  - 타입에 맞게 변형하여 넣기

    < 세션 1 >

    ```sql
    insert into emp(id, name, title, dept_id, salary) select employee_id, first_name, job_id,department_id, salary from hr.employees;
    -- emp가 갖고 있는 컬럼 5개 모두 사용하고 있으므로 emp뒤에 괄호는 생략 가능
    ```

    

  - 하지만 ,employees는 현재 hr 계정에 있다. 권한을 줘보자

    < 세션 2 >

    ```sql
    SQL> grant select on employees to jdbc;
    
    Grant succeeded.
    ```

  - employees 사용이 가능해졌는지 권한을 확인

    ```sql
    select * from hr.employees;
    
    ...
    107 rows selected.
    ```

    

- employee를 그대로 복사해서 테이블을 새로 생성

  ```sql
  create table emp_copy 
  as
  select * from hr.employees;
  ```

  



#### 시퀀스

- 시퀀스는 테이블 하나당 1개의 시퀀스만 만든다

- 시퀀스 생성

  ```sql
  create sequence 시퀀스이름; -- 1부터 시작하여 1씩 증가
  
  create sequetn 시퀀스이름 (
      start with 10,
      increatement by 5,
      maxvalue 100
  ); -- 10부터 시작하여 5씩, 최대 100
  ```

  

- 시퀀수 수정 , 삭제

  ```sql
  -- 수정
  alter sequence 시퀀스이름 start with 10 
   alter sequence 시퀀스이름 increment by 5
   
  -- 삭제
   drop sequence 시퀀스이름
  ```

  

- 시퀀스 활용

  ```sql
  시퀀스명.currval -- 현재 값
  
  시퀀스명.nextval -- (현재 값) + increment값 -- 할때마다 increment 차이만큼 증가
  
  확인은 dual 테이블을 통해서 본다
  
  ```

  

- 예시

  ```sql
  -- emp에 sequnce 활용
  create sequence emp_seq;
  
  -- 데이터 추가
  insert into emp values(emp_seq.nextval, '이자바', '사원',30,45000.55); -- 1번의 값으로 '이자바','사월',30,45000.55 추가
  
  
  -- 확인
  select emp_seq.currval from dual;
  
  
          ID NAME                                     TITLE                                       DEPT_ID     SALARY
  ---------- ---------------------------------------- ---------------------------------------- ---------- ----------
  		...
         206 William                                  AC_ACCOUNT                                      110       8300
           1 이자바                                   사원                                             30   45000.55
  ```

  



#### Constraint

- 제약조건

  - 중복 X -id 만들때 사용 ==> unique

  - null 값 허용 안됨 ==> not null

  - 중복 X + null x ==> primary key

  - 다른 테이블에 포함된 값 사용 가능 ==> foreign key

  - 사용자 조건  ==> check

    



- 예시

  c_dept

  (`dept_id = 10            10, ` <<- 중복 안되는데???? 어케하쥐???

  `dept_name = 인재개발부 -> 교육부,`

  ` city = 서울` 만들 것이다)

  ```sql
  -- 테이블부터 생성
  create table c_dept(
      dept_id number(5) constraint /*아무 제약조건명, 주로 테이블명_컬럼명_pk로 사용*/c_dept_id_pk primary key,
      dept_name varchar2(20) constraint c_dept_name_uk unique,
      city varchar2(20) constraint c_dept_city_nn not null
      
  );
  
  Table created.
  -------------------------------------------------------------------------------------------
  
  create table c_emp(
  	emp_id number(5) constraint c_emp_id_pk primary key,
  	emp_name varchar2(20) constraint c_emp_name_nn not null,
      title varchar2(10) constraint c_emp_title_ck check (title in ('사원', '대리', '과장', '부장', '임원')), -- 제약조건으로 사원,대리, 과장, 부장, 임원만 가능
      salary number(12,2) constraint c_emp_salary_ck check(salary >= 1000), -- 1000 이상이여야 한다
      dept_id number(5) constraint c_emp_dept_id_fk references c_dept(dept_id) -- c_dept(dept_id)값이 존재한 것만 사용한다는 것으로 제약조건
  );
  
  Table created.
  -------------------------------------------------------------------------------------------
  
  
  insert into c_dept values(10, '인재개발부', '제주');
  commit;
  -------------------------------------------------------------------------------------------
  
  insert into c_dept values(10, '교육부', '서울');
  *
  ERROR at line 1:
  ORA-00001: unique constraint (JDBC.C_DEPT_ID_PK) violated -- 에러 발생! 제약조건인 primary key(중복 불가)에 걸림
  
  -------------------------------------------------------------------------------------------
  insert into c_dept values(20, '교육부', '서울');
  
  insert into c_dept values(20, '교육부', null);
                                             *
  ERROR at line 1:
  ORA-01400: cannot insert NULL into ("JDBC"."C_DEPT"."CITY") -- not null 제약조건
  
  -------------------------------------------------------------------------------------------
  
  insert into c_dept values(20, '교육부', '서울');
  
  insert into c_dept values(30, '전산개발부', '대전');
  
  commit;
  
  -- 확인
  select * from c_dept;
  
     DEPT_ID DEPT_NAME                                CITY
  ---------- ---------------------------------------- ----------------------------------------
          10 인재개발부                               제주
          20 교육부                                   서울
          30 전산개발부                               대전
          
          
  insert into c_emp values(100, '김사원','사원',1000,10);
  insert into c_emp values(200, '박대리','대리',1999,10);
  insert into c_emp values(300, '안대리','대리',1999,20);
  insert into c_emp values(400, '박과장','과장',3000,30);
  insert into c_emp values(500, '박부장','부장',5000,10);
  commit;
  
  SQL> update c_emp set salary = salary+200 where emp_id = 100; -- 100 추가해서 수정
  SQL> commit;
  
  SQL> insert into c_emp values(600, '내가말야','사장',100000,30)
  *
  ERROR at line 1:
  ORA-02290: check constraint (JDBC.C_EMP_TITLE_CK) violated -- '사장'은 사용 불가
  
  SQL> delete c_dept where dept_id = 10;
  *
  ERROR at line 1:
  ORA-02292: integrity constraint (JDBC.C_EMP_DEPT_ID_FK) violated - child record found
  -- 외부에서 참조하는 값이 있으므로 삭제 불가능
  
  SQL> update c_emp set dept_id=20 where dept_id=10; -- 10이엿던 애들으 20으로 옮겼다
  SQL> delete c_Dept where dept_id = 10; -- 이젠 ㅆ가능
  
  
  SQL> drop table c_dept
  drop table c_dept
             *
  ERROR at line 1:
  ORA-02449: unique/primary keys in table referenced by foreign keys
  -- 자식이 있기때문에 부모를 없앨 수가 없다
  
  drop table c_dept casecade constraints; -- 자식까지 포함해서 부모를 삭제
  ```

  

 oraclexe/